yarn run v1.22.22
$ craco start
Starting the development server...

Compiled successfully!

You can now view frontend in the browser.

  Local:            http://localhost:3000
  On Your Network:  http://192.168.0.3:3000

Note that the development build is not optimized.
To create a production build, use yarn build.

webpack compiled successfully
Compiling...
Compiled successfully!
webpack compiled successfully
Compiling...
Compiled successfully!
webpack compiled successfully
Compiling...
Compiled successfully!
webpack compiled successfully
Compiling...
Compiled successfully!
webpack compiled successfully
Compiling...
Compiled successfully!
webpack compiled successfully
Compiling...
Compiled with warnings.

[eslint] 
src\pages\admin\AdminLayout.jsx
  Line 28:6:  React Hook useEffect has a missing dependency: 'nav'. Either include it or remove the dependency array  react-hooks/exhaustive-deps

Search for the keywords to learn more about each warning.
To ignore, add // eslint-disable-next-line to the line before.

WARNING in [eslint] 
src\pages\admin\AdminLayout.jsx
  Line 28:6:  React Hook useEffect has a missing dependency: 'nav'. Either include it or remove the dependency array  react-hooks/exhaustive-deps

webpack compiled with 1 warning
