yarn run v1.22.22
$ craco build
(node:31096) [DEP0176] DeprecationWarning: fs.F_OK is deprecated, use fs.constants.F_OK instead
(Use `node --trace-deprecation ...` to show where the warning was created)
Creating an optimized production build...
Compiled with warnings.

[eslint] 
src\pages\Account.jsx
  Line 22:6:  React Hook useEffect has a missing dependency: 'nav'. Either include it or remove the dependency array  react-hooks/exhaustive-deps

src\pages\admin\AdminLayout.jsx
  Line 28:6:  React Hook useEffect has a missing dependency: 'nav'. Either include it or remove the dependency array  react-hooks/exhaustive-deps

src\pages\admin\AdminOrders.jsx
  Line 16:32:  React Hook useEffect has a missing dependency: 'load'. Either include it or remove the dependency array  react-hooks/exhaustive-deps

Search for the keywords to learn more about each warning.
To ignore, add // eslint-disable-next-line to the line before.

File sizes after gzip:

  249.93 kB  build\static\js\72.110583e6.chunk.js
  184.52 kB  build\static\js\main.fbd1dff9.js
  12.77 kB   build\static\css\main.ec4760fc.css
  507 B      build\static\js\551.eb547d52.chunk.js

The project was built assuming it is hosted at /.
You can control this with the homepage field in your package.json.

The build folder is ready to be deployed.
You may serve it with a static server:

  yarn global add serve
  serve -s build

Find out more about deployment here:

  https://cra.link/deployment

Done in 47.93s.
